{
    "entry_data": {
        "customer_id": 1,
        "customer_no": null,
        "student_last_name": null,
        "student_first_name": null,
        "student_last_name_kana": null,
        "student_first_name_kana": null,
        "school_year_category_cd": null,
        "birthday": null,
        "gender_category_cd": null,
        "student_mail_address": null,
        "attribute_list": null,
        "main_class_room_cd": null,
        "enrolled_elementary_school_cd": null,
        "enrolled_elementary_school_note": null,
        "enrolled_junior_high_school_school_cd": null,
        "enrolled_junior_high_school_school_note": null,
        "enrolled_high_school_cd": null,
        "enrolled_high_school_note": null,
        "aspiration_junior_high_school_cd1": null,
        "aspiration_junior_high_school_cd2": null,
        "aspiration_junior_high_school_cd3": null,
        "aspiration_high_school_cd1": null,
        "aspiration_high_school_cd2": null,
        "aspiration_high_school_cd3": null,
        "aspiration_university_cd1": null,
        "aspiration_university_cd2": null,
        "aspiration_university_cd3": null,
        "contractor_last_name": null,
        "contractor_first_name": null,
        "contractor_last_name_kana": null,
        "contractor_first_name_kana": null,
        "contractor_relationship": null,
        "contractor_mail_address": null,
        "contractor_post_code": null,
        "contractor_prefecture_category_cd": null,
        "contractor_address1": null,
        "contractor_address2": null,
        "contractor_address3": null,
        "telephone_number1": null,
        "telephone_number1_note": null,
        "telephone_number2": null,
        "telephone_number2_note": null,
        "emergency_telephone_number": null,
        "emergency_telephone_number_note": null,
        "fax_number": null,
        "fax_number_note": null,
        "family_members_list": null,
        "combined_billing_customer_id": null,
        "combined_billing_delete_flg": null,
        "combined_billing_version_no": null,
        "note": null,
        "enrollment_desired": null,
        "is_demand": null,
        "is_vip": null,
        "is_vip_note": null,
        "approach_permission_list": null,
        "approach_permission_memo": null,
        "bank_id": null,
        "bank_branch_id": null,
        "bank_account_type_id": null,
        "bank_account_no": null,
        "account_holder": null,
        "customer_status_category_cd": null,
        "version_no": 2
    }
}
